// Jest Snapshot v1, https://goo.gl/fbAQLP

exports[`Yoga layout integration render single component 1`] = `
ChildrenMixinStub {
  "children": Array [
    ExportMixinStub {
      "children": Array [],
      "id": "0:1",
      "parent": [Circular],
      "type": "PAGE",
    },
    ExportMixinStub {
      "children": Array [
        ExportMixinStub {
          "backgrounds": Array [
            Object {
              "color": Object {
                "b": 0,
                "g": 0,
                "r": 0,
              },
              "opacity": 0,
              "type": "SOLID",
            },
          ],
          "blendMode": "NORMAL",
          "children": Array [
            ExportMixinStub {
              "blendMode": "NORMAL",
              "cornerRadius": 0,
              "cornerSmoothing": 0,
              "effects": Array [],
              "exportSettings": Array [],
              "fills": Array [
                Object {
                  "color": Object {
                    "b": 0,
                    "g": 1,
                    "r": 0.07058823529411765,
                  },
                  "opacity": 1,
                  "type": "SOLID",
                },
              ],
              "height": 100,
              "id": "1:2",
              "isMask": false,
              "locked": false,
              "opacity": 1,
              "parent": [Circular],
              "pluginData": Object {
                "isReactFigmaNode": "true",
                "reactStyle": "{\\"width\\":200,\\"height\\":100,\\"backgroundColor\\":\\"#12ff00\\"}",
              },
              "strokeAlign": "INSIDE",
              "strokeCap": "NONE",
              "strokeWeight": 0,
              "strokes": Array [],
              "type": "RECTANGLE",
              "visible": true,
              "width": 200,
              "x": 0,
              "y": 0,
            },
            ExportMixinStub {
              "blendMode": "NORMAL",
              "cornerRadius": 0,
              "cornerSmoothing": 0,
              "effects": Array [],
              "exportSettings": Array [],
              "fills": Array [
                Object {
                  "color": Object {
                    "b": 0.09019607843137255,
                    "g": 0,
                    "r": 1,
                  },
                  "opacity": 1,
                  "type": "SOLID",
                },
              ],
              "height": 100,
              "id": "1:3",
              "isMask": false,
              "locked": false,
              "opacity": 1,
              "parent": [Circular],
              "pluginData": Object {
                "isReactFigmaNode": "true",
                "reactStyle": "{\\"width\\":200,\\"height\\":100,\\"backgroundColor\\":\\"#ff0017\\"}",
              },
              "strokeAlign": "INSIDE",
              "strokeCap": "NONE",
              "strokeWeight": 0,
              "strokes": Array [],
              "type": "RECTANGLE",
              "visible": true,
              "width": 200,
              "x": 0,
              "y": 100,
            },
          ],
          "clipsContent": false,
          "constraints": Object {
            "horizontal": "MIN",
            "vertical": "MIN",
          },
          "cornerRadius": 0,
          "cornerSmoothing": 0,
          "counterAxisSizingMode": "AUTO",
          "effects": Array [],
          "exportSettings": Array [],
          "fills": Array [],
          "guides": Array [],
          "height": 200,
          "horizontalPadding": 0,
          "id": "1:4",
          "isMask": false,
          "itemSpacing": 0,
          "layoutGrids": Array [],
          "layoutMode": "NONE",
          "locked": false,
          "opacity": 1,
          "parent": [Circular],
          "pluginData": Object {
            "isReactFigmaNode": "true",
            "reactStyle": "{\\"backgroundColor\\":\\"transparent\\"}",
          },
          "strokeAlign": "INSIDE",
          "strokeCap": "NONE",
          "strokeWeight": 0,
          "strokes": Array [],
          "type": "FRAME",
          "verticalPadding": 0,
          "visible": true,
          "width": 200,
          "x": 0,
          "y": 0,
        },
      ],
      "exportSettings": Array [],
      "id": "1:1",
      "parent": [Circular],
      "pluginData": Object {
        "isReactFigmaNode": "true",
        "reactStyle": "{}",
      },
      "type": "PAGE",
    },
  ],
  "id": "0:0",
  "type": "DOCUMENT",
}
`;
